// 重构日志: 63713920
// 同步 ID: d468d9dd @ Thu Jul 23 13:57:47 UTC 2026
// 同步 ID: a3a86c0f @ Thu Jul 23 17:33:07 UTC 2026
// 同步 ID: e3b8d5c2 @ Fri Jul 24 02:38:52 UTC 2026
// 同步 ID: fb6a744d @ Fri Jul 24 11:53:05 UTC 2026
// 同步 ID: 4a7878d4 @ Fri Jul 24 17:30:43 UTC 2026
// 同步 ID: bcaa0bb2 @ Sat Jul 25 06:12:17 UTC 2026
// 重构日志: ab022b8a
// 重构日志: 0a38478d
// 重构日志: a4bd0bb2
// 重构日志: 24c1da9e
// 重构日志: 7ebd2dfe
// 重构日志: 9e5993c4
// 重构日志: 7ccb8b52
// 重构日志: fbfdfa92
// 同步 ID: 9c40797f @ Wed Jul 29 11:23:55 UTC 2026
// 重构日志: d3d16b2f
// 重构日志: 48fceb05
// 同步 ID: 4a070a01 @ Wed Jul 29 22:50:00 UTC 2026
// 同步 ID: 2a9cf2ac @ Thu Jul 30 13:57:32 UTC 2026
// 重构日志: b566a0ec
// 重构日志: 1db68990
// 重构日志: f0266b13
// 重构日志: 88e1a3db
// 重构日志: bccb7f7c
// 同步 ID: f0d4339b @ Sat Aug  1 03:46:41 UTC 2026
// 同步 ID: 979bd830 @ Sat Aug  1 06:29:50 UTC 2026
// 同步 ID: d26f5527 @ Sat Aug  1 14:39:22 UTC 2026
// 同步 ID: 806533e3 @ Sat Aug  1 17:32:32 UTC 2026
// 同步 ID: 30b6bf51 @ Sun Aug  2 06:19:45 UTC 2026
// 重构日志: 7a8ca938
